<!DOCTYPE html>
<html>

  <head>
  <meta charset="utf-8">
  <meta http-equiv="X-UA-Compatible" content="IE=edge">
  <meta name="viewport" content="width=device-width, initial-scale=1">

  <title>Introduction to LVM: Part Two</title>
  <meta name="description" content="If you need a refresher on where we are at this point please see [Part 1][1] of our Introduction to LVM guide.">

  <link rel="stylesheet" href="/css/main.css">
  <link rel="canonical" href="http://yourdomain.com/2014/08/16/introduction-to-lvm-part-two.html">
  <link rel="alternate" type="application/rss+xml" title="tinybot" href="http://yourdomain.com/feed.xml" />
</head>


  <body>

    <header class="site-header">

  <div class="wrapper">

    <a class="site-title" href="/">tinybot</a>

    <nav class="site-nav">
      <a href="#" class="menu-icon">
        <svg viewBox="0 0 18 15">
          <path fill="#424242" d="M18,1.484c0,0.82-0.665,1.484-1.484,1.484H1.484C0.665,2.969,0,2.304,0,1.484l0,0C0,0.665,0.665,0,1.484,0 h15.031C17.335,0,18,0.665,18,1.484L18,1.484z"/>
          <path fill="#424242" d="M18,7.516C18,8.335,17.335,9,16.516,9H1.484C0.665,9,0,8.335,0,7.516l0,0c0-0.82,0.665-1.484,1.484-1.484 h15.031C17.335,6.031,18,6.696,18,7.516L18,7.516z"/>
          <path fill="#424242" d="M18,13.516C18,14.335,17.335,15,16.516,15H1.484C0.665,15,0,14.335,0,13.516l0,0 c0-0.82,0.665-1.484,1.484-1.484h15.031C17.335,12.031,18,12.696,18,13.516L18,13.516z"/>
        </svg>
      </a>

      <div class="trigger">
        
          
          <a class="page-link" href="/about/">About</a>
          
        
          
        
          
        
          
        
      </div>
    </nav>

  </div>

</header>


    <div class="page-content">
      <div class="wrapper">
        <div class="post">

  <header class="post-header">
    <h1 class="post-title">Introduction to LVM: Part Two</h1>
    <p class="post-meta">Aug 16, 2014</p>
  </header>

  <article class="post-content">
    <p>If you need a refresher on where we are at this point please see <a href="http://inchhighassassins.com/?page_id=24">Part 1</a> of our Introduction to LVM guide.</p>

<p>Now we have three logical volumes, but no actual filesystems so they won’t do us much good when trying to store data on them. We’ll create an ext3 filesystem on backup, an ext4 filesystem on nfs and a xfs filesystem on media</p>

<pre><code>[telesto] (~) &gt;&gt;&gt; mkfs.ext3 /dev/data/backup
mke2fs 1.42 (29-Nov-2011)
Filesystem label=
OS type: Linux
Block size=4096 (log=2)
Fragment size=4096 (log=2)
Stride=0 blocks, Stripe width=0 blocks
327680 inodes, 1310720 blocks
65536 blocks (5.00%) reserved for the super user
First data block=0
Maximum filesystem blocks=1342177280
40 block groups
32768 blocks per group, 32768 fragments per group
8192 inodes per group
Superblock backups stored on blocks:
        32768, 98304, 163840, 229376, 294912, 819200, 884736

Allocating group tables: done
Writing inode tables: done
Creating journal (32768 blocks): done
Writing superblocks and filesystem accounting information: done

[telesto] (~) &gt;&gt;&gt; mkfs.ext4 /dev/data/nfs
mke2fs 1.42 (29-Nov-2011)
Filesystem label=
OS type: Linux
Block size=4096 (log=2)
Fragment size=4096 (log=2)
Stride=0 blocks, Stripe width=0 blocks
327680 inodes, 1310720 blocks
65536 blocks (5.00%) reserved for the super user
First data block=0
Maximum filesystem blocks=1342177280
40 block groups
32768 blocks per group, 32768 fragments per group
8192 inodes per group
Superblock backups stored on blocks:
        32768, 98304, 163840, 229376, 294912, 819200, 884736

Allocating group tables: done
Writing inode tables: done
Creating journal (32768 blocks): done
Writing superblocks and filesystem accounting information: done


[telesto] (~) &gt;&gt;&gt; mkfs.xfs /dev/data/media
meta-data=/dev/data/media        isize=256    agcount=4, agsize=131072 blks
         =                       sectsz=512   attr=2, projid32bit=0
data     =                       bsize=4096   blocks=524288, imaxpct=25
         =                       sunit=0      swidth=0 blks
naming   =version 2              bsize=4096   ascii-ci=0
log      =internal log           bsize=4096   blocks=2560, version=2
         =                       sectsz=512   sunit=0 blks, lazy-count=1
realtime =none                   extsz=4096   blocks=0, rtextents=0
</code></pre>

<p>Now we are ready to mount our logical volumes, so let’s create the mount points and get them all mounted:</p>

<pre><code>[telesto] (~) &gt;&gt;&gt; mkdir -p /var/{media,backup,nfs}

[telesto] (~) &gt;&gt;&gt; mount /dev/data/backup /var/backup

[telesto] (~) &gt;&gt;&gt; mount /dev/data/nfs /var/nfs

[telesto] (~) &gt;&gt;&gt; mount /dev/data/media /var/media

[telesto] (~) &gt;&gt;&gt; mount |grep '/var'
/dev/mapper/data-backup on /var/backup type ext3 (rw)
/dev/mapper/data-nfs on /var/nfs type ext4 (rw)
/dev/mapper/data-media on /var/media type xfs (rw)
</code></pre>

<p>Now we have a functional LVM system and we can read and write to the newly mounted partitions. For the volumes to be mounted on boot of course we need to adjust our /etc/fstab file. First we’ll make a backup in case anything gets borked and we need to rescue the system from boot up issues:</p>

<pre><code>[telesto] (~) &gt;&gt;&gt; cp /etc/fstab{,.bak}

[telesto] (~) &gt;&gt;&gt; ll /etc/fstab*
-rw-r--r-- 1 root root  767 Apr  1 08:38 /etc/fstab
-rw-r--r-- 1 root root  767 Apr 10 08:49 /etc/fstab.bak
</code></pre>

<p>Now that we have a good backup we need to add the new mounts to the file. Using your favorite editor add the following entries to the /etc/fstab file:</p>

<pre><code>/dev/data/backup   /var/backup     ext3       rw,noatime    0 0
/dev/data/nfs    /var/nfs      ext4        rw,noatime    0 0
/dev/data/media    /var/media      xfs   rw,noatime    0 0
</code></pre>

<p>To test that we have everything done correctly we will now reboot. Execute the command <code>shutdown -r now</code> to reboot the system.</p>

<p>Once the system is back online we can run <code>df -h</code> or <code>mount</code> to make sure that everything we added to the fstab file automatically mounted on boot up.</p>

<pre><code>[telesto] (~) &gt;&gt;&gt; df -h
Filesystem                    Size  Used Avail Use% Mounted on
/dev/mapper/telesto--vg-root   18G  1.5G   15G   9% /
udev                          989M  4.0K  989M   1% /dev
tmpfs                         200M  276K  200M   1% /run
none                          5.0M     0  5.0M   0% /run/lock
none                          998M     0  998M   0% /run/shm
/dev/mapper/data-media        2.0G   33M  2.0G   2% /var/media
/dev/sda1                     228M   54M  163M  25% /boot
/dev/mapper/data-backup       5.0G  139M  4.6G   3% /var/backup
/dev/mapper/data-nfs          4.8G   10M  4.6G   1% /var/nfs
</code></pre>

<p>As I mentioned previously one of the real benefits of LVM is the ability to resize Logical volumes and now we can take that a step further and resize not only the volumes but their respective filesystems as well. The first volume we are going to deal with is our logical volume <em>backup</em>.</p>

<p>First we need to umount the volume</p>

<pre><code>[telesto] (~) &gt;&gt;&gt; umount /var/backup

[telesto] (~) &gt;&gt;&gt; mount|grep backup
</code></pre>

<p>If the umount was successful you should get no outout from the <code>mount|grep backup</code> command (provided you have no other mounts with the name backup in them).</p>

<p>Now let’s enlarge <em>backup</em> from 5GB to 10GB</p>

<pre><code>[telesto] (~) &gt;&gt;&gt; lvextend -L10GB /dev/data/backup
  Extending logical volume backup to 10.00 GiB
  Logical volume backup successfully resized
</code></pre>

<p>This of course only enlarges the logical volume and not the filesystem. To enlarge the filesystem we need to use the commands <code>e2fsck</code> and <code>resize2fs</code></p>

<pre><code>[telesto] (~) &gt;&gt;&gt; e2fsck -f /dev/data/backup
e2fsck 1.42 (29-Nov-2011)
Pass 1: Checking inodes, blocks, and sizes
Pass 2: Checking directory structure
Pass 3: Checking directory connectivity
Pass 4: Checking reference counts
Pass 5: Checking group summary information
/dev/data/backup: 11/327680 files (0.0% non-contiguous), 55935/1310720 blocks
</code></pre>

<p>We need to make a note here about the total block amount (1310720) for when we shrink the volume later in this guide.</p>

<pre><code>[telesto] (~) &gt;&gt;&gt; resize2fs /dev/data/backup
resize2fs 1.42 (29-Nov-2011)
Resizing the filesystem on /dev/data/backup to 2621440 (4k) blocks.
The filesystem on /dev/data/backup is now 2621440 blocks long.
</code></pre>

<p>Now that we have successfully enlarged the logical volume <em>backup</em> and resized the filesystem we will need to remount it:</p>

<pre><code>[telesto] (~) &gt;&gt;&gt; mount /dev/data/backup /var/backup

[telesto] (~) &gt;&gt;&gt; df -h
Filesystem                    Size  Used Avail Use% Mounted on
/dev/mapper/telesto--vg-root   18G  1.5G   15G   9% /
udev                          989M  4.0K  989M   1% /dev
tmpfs                         200M  276K  200M   1% /run
none                          5.0M     0  5.0M   0% /run/lock
none                          998M     0  998M   0% /run/shm
/dev/mapper/data-media        2.0G   33M  2.0G   2% /var/media
/dev/sda1                     228M   54M  163M  25% /boot
/dev/mapper/data-nfs          4.8G   10M  4.6G   1% /var/nfs
/dev/mapper/data-backup       9.9G  140M  9.3G   2% /var/backup
</code></pre>

<p>If we need to shrink a logical volume we actually need to work in the reverse order. The first step is to shrink the filesystem and then we can actually reduve the logical volume itself. Let’s pick on the <em>backup</em> volume one more time. First step as always is to umount it:</p>

<pre><code>[telesto] (~) &gt;&gt;&gt; umount /var/backup

[telesto] (~) &gt;&gt;&gt; df -h
Filesystem                    Size  Used Avail Use% Mounted on
/dev/mapper/telesto--vg-root   18G  1.5G   15G   9% /
udev                          989M  4.0K  989M   1% /dev
tmpfs                         200M  276K  200M   1% /run
none                          5.0M     0  5.0M   0% /run/lock
none                          998M     0  998M   0% /run/shm
/dev/mapper/data-media        2.0G   33M  2.0G   2% /var/media
/dev/sda1                     228M   54M  163M  25% /boot
/dev/mapper/data-nfs          4.8G   10M  4.6G   1% /var/nfs
</code></pre>

<p>This is where we need that block number we saved from earlier. When you are resizing an ext3 filesystem to a specific size (instead of all available space) you need to specify the number of blocks. You can specify the size in MB,GB, etc but we already saves that block number so we’ll use that.</p>

<pre><code>[telesto] (~) &gt;&gt;&gt; resize2fs /dev/data/backup 1310720
resize2fs 1.42 (29-Nov-2011)
Resizing the filesystem on /dev/data/backup to 1310720 (4k) blocks.
The filesystem on /dev/data/backup is now 1310720 blocks long.
</code></pre>

<p>With our filesystem size now reduced we need to use <code>lvreduce</code> to shrink the logical volume as well. Note that this is a destructive process and you will be prompted to acknowledge this fact. Since we have not put any data on this filesystem we can safely ignore the warning</p>

<pre><code>[telesto] (~) &gt;&gt;&gt; lvreduce -L5G /dev/data/backup
  WARNING: Reducing active logical volume to 5.00 GiB
  THIS MAY DESTROY YOUR DATA (filesystem etc.)
Do you really want to reduce backup? [y/n]: y
  Reducing logical volume backup to 5.00 GiB
  Logical volume backup successfully resized
</code></pre>

<p>With all that done we can now remount the logical volume</p>

<pre><code>[telesto] (~) &gt;&gt;&gt; mount /dev/data/backup /var/backup

[telesto] (~) &gt;&gt;&gt; df -h
Filesystem                    Size  Used Avail Use% Mounted on
/dev/mapper/telesto--vg-root   18G  1.5G   15G   9% /
udev                          989M  4.0K  989M   1% /dev
tmpfs                         200M  276K  200M   1% /run
none                          5.0M     0  5.0M   0% /run/lock
none                          998M     0  998M   0% /run/shm
/dev/mapper/data-media        2.0G   33M  2.0G   2% /var/media
/dev/sda1                     228M   54M  163M  25% /boot
/dev/mapper/data-nfs          4.8G   10M  4.6G   1% /var/nfs
/dev/mapper/data-backup       5.0G  139M  4.6G   3% /var/backup
</code></pre>

<p>That completes part 2 of our Introduction to LVM series. In the next part of the series we will learn how to setup LVM and software Raid.</p>


  </article>

</div>

      </div>
    </div>

    <footer class="site-footer">

  <div class="wrapper">

    <h2 class="footer-heading">tinybot</h2>

    <div class="footer-col-wrapper">
      <div class="footer-col  footer-col-1">
        <ul class="contact-list">
          <li>tinybot</li>
          <li><a href="mailto:ryantiffany@gmail.com">ryantiffany@gmail.com</a></li>
        </ul>
      </div>

      <div class="footer-col  footer-col-2">
        <ul class="social-media-list">
          
          <li>
            <a href="https://github.com/greyhound-forty">
              <span class="icon  icon--github">
                <svg viewBox="0 0 16 16">
                  <path fill="#828282" d="M7.999,0.431c-4.285,0-7.76,3.474-7.76,7.761 c0,3.428,2.223,6.337,5.307,7.363c0.388,0.071,0.53-0.168,0.53-0.374c0-0.184-0.007-0.672-0.01-1.32 c-2.159,0.469-2.614-1.04-2.614-1.04c-0.353-0.896-0.862-1.135-0.862-1.135c-0.705-0.481,0.053-0.472,0.053-0.472 c0.779,0.055,1.189,0.8,1.189,0.8c0.692,1.186,1.816,0.843,2.258,0.645c0.071-0.502,0.271-0.843,0.493-1.037 C4.86,11.425,3.049,10.76,3.049,7.786c0-0.847,0.302-1.54,0.799-2.082C3.768,5.507,3.501,4.718,3.924,3.65 c0,0,0.652-0.209,2.134,0.796C6.677,4.273,7.34,4.187,8,4.184c0.659,0.003,1.323,0.089,1.943,0.261 c1.482-1.004,2.132-0.796,2.132-0.796c0.423,1.068,0.157,1.857,0.077,2.054c0.497,0.542,0.798,1.235,0.798,2.082 c0,2.981-1.814,3.637-3.543,3.829c0.279,0.24,0.527,0.713,0.527,1.437c0,1.037-0.01,1.874-0.01,2.129 c0,0.208,0.14,0.449,0.534,0.373c3.081-1.028,5.302-3.935,5.302-7.362C15.76,3.906,12.285,0.431,7.999,0.431z"/>
                </svg>
              </span>

              <span class="username">greyhound-forty</span>
            </a>
          </li>
          

          
          <li>
            <a href="https://twitter.com/ryantiffany">
              <span class="icon  icon--twitter">
                <svg viewBox="0 0 16 16">
                  <path fill="#828282" d="M15.969,3.058c-0.586,0.26-1.217,0.436-1.878,0.515c0.675-0.405,1.194-1.045,1.438-1.809
                  c-0.632,0.375-1.332,0.647-2.076,0.793c-0.596-0.636-1.446-1.033-2.387-1.033c-1.806,0-3.27,1.464-3.27,3.27 c0,0.256,0.029,0.506,0.085,0.745C5.163,5.404,2.753,4.102,1.14,2.124C0.859,2.607,0.698,3.168,0.698,3.767 c0,1.134,0.577,2.135,1.455,2.722C1.616,6.472,1.112,6.325,0.671,6.08c0,0.014,0,0.027,0,0.041c0,1.584,1.127,2.906,2.623,3.206 C3.02,9.402,2.731,9.442,2.433,9.442c-0.211,0-0.416-0.021-0.615-0.059c0.416,1.299,1.624,2.245,3.055,2.271 c-1.119,0.877-2.529,1.4-4.061,1.4c-0.264,0-0.524-0.015-0.78-0.046c1.447,0.928,3.166,1.469,5.013,1.469 c6.015,0,9.304-4.983,9.304-9.304c0-0.142-0.003-0.283-0.009-0.423C14.976,4.29,15.531,3.714,15.969,3.058z"/>
                </svg>
              </span>

              <span class="username">ryantiffany</span>
            </a>
          </li>
          
        </ul>
      </div>

      <div class="footer-col  footer-col-3">
        <p class="text"></p>
      </div>
    </div>

  </div>

</footer>


  </body>

</html>
